// Jest Snapshot v1, https://goo.gl/fbAQLP

exports[`People list with shallow renderer  renders without crashing 1`] = `
<div>
  <div>
    People:
  </div>
  <ul>
    <Person
      firstName="John"
      lastName="Doe"
    />
  </ul>
</div>
`;
