// Jest Snapshot v1, https://goo.gl/fbAQLP

exports[`People list with full renderer  renders without crashing 1`] = `
<div>
  <div>
    People:
  </div>
  <ul>
    <div
      data-testid="person-1"
    >
      <div>
        John
      </div>
      <div />
    </div>
  </ul>
</div>
`;
