// Jest Snapshot v1, https://goo.gl/fbAQLP

exports[`Counter stateless component  renders without crashing 1`] = `
<div>
  0
  <button
    onClick={[Function]}
  >
    Increment
  </button>
</div>
`;
